// Jest Snapshot v1, https://goo.gl/fbAQLP

exports[`matches snapshot 1`] = `
<DocumentFragment>
  <div
    class="MuiGrid-root MuiGrid-container MuiGrid-spacing-xs-1 css-td5piu-MuiGrid-root"
  >
    <div
      class="MuiGrid-root MuiGrid-item MuiGrid-grid-xs-12 MuiGrid-grid-md-11 MuiGrid-grid-lg-10 css-x02yn7-MuiGrid-root"
    >
      <div
        class="MuiGrid-root MuiGrid-container MuiGrid-spacing-xs-1 css-exfl4s-MuiGrid-root"
      >
        <div
          class="MuiGrid-root MuiGrid-item MuiGrid-grid-xs-3 MuiGrid-grid-md-1 MuiGrid-grid-lg-1 css-1fo2hm6-MuiGrid-root"
        >
          <button
            class="MuiButtonBase-root MuiButton-root MuiButton-text MuiButton-textPrimary MuiButton-sizeMedium MuiButton-textSizeMedium MuiButton-root MuiButton-text MuiButton-textPrimary MuiButton-sizeMedium MuiButton-textSizeMedium css-1388jyf-MuiButtonBase-root-MuiButton-root"
            tabindex="0"
            type="button"
          >
            <a
              href="/search/Business"
            >
              <p
                class="MuiTypography-root MuiTypography-body2 css-1cwrich-MuiTypography-root"
              >
                Business
              </p>
            </a>
            <span
              class="MuiTouchRipple-root css-8je8zh-MuiTouchRipple-root"
            />
          </button>
        </div>
        <div
          class="MuiGrid-root MuiGrid-item MuiGrid-grid-xs-3 MuiGrid-grid-md-1 MuiGrid-grid-lg-1 css-1fo2hm6-MuiGrid-root"
        >
          <button
            class="MuiButtonBase-root MuiButton-root MuiButton-text MuiButton-textPrimary MuiButton-sizeMedium MuiButton-textSizeMedium MuiButton-root MuiButton-text MuiButton-textPrimary MuiButton-sizeMedium MuiButton-textSizeMedium css-1388jyf-MuiButtonBase-root-MuiButton-root"
            tabindex="0"
            type="button"
          >
            <a
              href="/search/Comedy"
            >
              <p
                class="MuiTypography-root MuiTypography-body2 css-1cwrich-MuiTypography-root"
              >
                Comedy
              </p>
            </a>
            <span
              class="MuiTouchRipple-root css-8je8zh-MuiTouchRipple-root"
            />
          </button>
        </div>
        <div
          class="MuiGrid-root MuiGrid-item MuiGrid-grid-xs-3 MuiGrid-grid-md-1 MuiGrid-grid-lg-1 css-1fo2hm6-MuiGrid-root"
        >
          <button
            class="MuiButtonBase-root MuiButton-root MuiButton-text MuiButton-textPrimary MuiButton-sizeMedium MuiButton-textSizeMedium MuiButton-root MuiButton-text MuiButton-textPrimary MuiButton-sizeMedium MuiButton-textSizeMedium css-1388jyf-MuiButtonBase-root-MuiButton-root"
            tabindex="0"
            type="button"
          >
            <a
              href="/search/Education"
            >
              <p
                class="MuiTypography-root MuiTypography-body2 css-1cwrich-MuiTypography-root"
              >
                Education
              </p>
            </a>
            <span
              class="MuiTouchRipple-root css-8je8zh-MuiTouchRipple-root"
            />
          </button>
        </div>
        <div
          class="MuiGrid-root MuiGrid-item MuiGrid-grid-xs-3 MuiGrid-grid-md-1 MuiGrid-grid-lg-1 css-1fo2hm6-MuiGrid-root"
        >
          <button
            class="MuiButtonBase-root MuiButton-root MuiButton-text MuiButton-textPrimary MuiButton-sizeMedium MuiButton-textSizeMedium MuiButton-root MuiButton-text MuiButton-textPrimary MuiButton-sizeMedium MuiButton-textSizeMedium css-1388jyf-MuiButtonBase-root-MuiButton-root"
            tabindex="0"
            type="button"
          >
            <a
              href="/search/Drama"
            >
              <p
                class="MuiTypography-root MuiTypography-body2 css-1cwrich-MuiTypography-root"
              >
                Drama
              </p>
            </a>
            <span
              class="MuiTouchRipple-root css-8je8zh-MuiTouchRipple-root"
            />
          </button>
        </div>
        <div
          class="MuiGrid-root MuiGrid-item MuiGrid-grid-xs-3 MuiGrid-grid-md-1 MuiGrid-grid-lg-1 css-1fo2hm6-MuiGrid-root"
        >
          <button
            class="MuiButtonBase-root MuiButton-root MuiButton-text MuiButton-textPrimary MuiButton-sizeMedium MuiButton-textSizeMedium MuiButton-root MuiButton-text MuiButton-textPrimary MuiButton-sizeMedium MuiButton-textSizeMedium css-1388jyf-MuiButtonBase-root-MuiButton-root"
            tabindex="0"
            type="button"
          >
            <a
              href="/search/Health"
            >
              <p
                class="MuiTypography-root MuiTypography-body2 css-1cwrich-MuiTypography-root"
              >
                Health
              </p>
            </a>
            <span
              class="MuiTouchRipple-root css-8je8zh-MuiTouchRipple-root"
            />
          </button>
        </div>
        <div
          class="MuiGrid-root MuiGrid-item MuiGrid-grid-xs-3 MuiGrid-grid-md-1 MuiGrid-grid-lg-1 css-1fo2hm6-MuiGrid-root"
        >
          <button
            class="MuiButtonBase-root MuiButton-root MuiButton-text MuiButton-textPrimary MuiButton-sizeMedium MuiButton-textSizeMedium MuiButton-root MuiButton-text MuiButton-textPrimary MuiButton-sizeMedium MuiButton-textSizeMedium css-1388jyf-MuiButtonBase-root-MuiButton-root"
            tabindex="0"
            type="button"
          >
            <a
              href="/search/Music"
            >
              <p
                class="MuiTypography-root MuiTypography-body2 css-1cwrich-MuiTypography-root"
              >
                Music
              </p>
            </a>
            <span
              class="MuiTouchRipple-root css-8je8zh-MuiTouchRipple-root"
            />
          </button>
        </div>
        <div
          class="MuiGrid-root MuiGrid-item MuiGrid-grid-xs-3 MuiGrid-grid-md-1 MuiGrid-grid-lg-1 css-1fo2hm6-MuiGrid-root"
        >
          <button
            class="MuiButtonBase-root MuiButton-root MuiButton-text MuiButton-textPrimary MuiButton-sizeMedium MuiButton-textSizeMedium MuiButton-root MuiButton-text MuiButton-textPrimary MuiButton-sizeMedium MuiButton-textSizeMedium css-1388jyf-MuiButtonBase-root-MuiButton-root"
            tabindex="0"
            type="button"
          >
            <a
              href="/search/News"
            >
              <p
                class="MuiTypography-root MuiTypography-body2 css-1cwrich-MuiTypography-root"
              >
                News
              </p>
            </a>
            <span
              class="MuiTouchRipple-root css-8je8zh-MuiTouchRipple-root"
            />
          </button>
        </div>
        <div
          class="MuiGrid-root MuiGrid-item MuiGrid-grid-xs-3 MuiGrid-grid-md-1 MuiGrid-grid-lg-1 css-1fo2hm6-MuiGrid-root"
        >
          <button
            class="MuiButtonBase-root MuiButton-root MuiButton-text MuiButton-textPrimary MuiButton-sizeMedium MuiButton-textSizeMedium MuiButton-root MuiButton-text MuiButton-textPrimary MuiButton-sizeMedium MuiButton-textSizeMedium css-1388jyf-MuiButtonBase-root-MuiButton-root"
            tabindex="0"
            type="button"
          >
            <a
              href="/search/Sports"
            >
              <p
                class="MuiTypography-root MuiTypography-body2 css-1cwrich-MuiTypography-root"
              >
                Sports
              </p>
            </a>
            <span
              class="MuiTouchRipple-root css-8je8zh-MuiTouchRipple-root"
            />
          </button>
        </div>
        <div
          class="MuiGrid-root MuiGrid-item MuiGrid-grid-xs-3 MuiGrid-grid-md-1 MuiGrid-grid-lg-1 css-1fo2hm6-MuiGrid-root"
        >
          <button
            class="MuiButtonBase-root MuiButton-root MuiButton-text MuiButton-textPrimary MuiButton-sizeMedium MuiButton-textSizeMedium MuiButton-root MuiButton-text MuiButton-textPrimary MuiButton-sizeMedium MuiButton-textSizeMedium css-1388jyf-MuiButtonBase-root-MuiButton-root"
            tabindex="0"
            type="button"
          >
            <a
              href="/search/Tech"
            >
              <p
                class="MuiTypography-root MuiTypography-body2 css-1cwrich-MuiTypography-root"
              >
                Tech
              </p>
            </a>
            <span
              class="MuiTouchRipple-root css-8je8zh-MuiTouchRipple-root"
            />
          </button>
        </div>
        <div
          class="MuiGrid-root MuiGrid-item MuiGrid-grid-xs-3 MuiGrid-grid-md-1 MuiGrid-grid-lg-1 css-1fo2hm6-MuiGrid-root"
        >
          <button
            class="MuiButtonBase-root MuiButton-root MuiButton-text MuiButton-textPrimary MuiButton-sizeMedium MuiButton-textSizeMedium MuiButton-root MuiButton-text MuiButton-textPrimary MuiButton-sizeMedium MuiButton-textSizeMedium css-1388jyf-MuiButtonBase-root-MuiButton-root"
            tabindex="0"
            type="button"
          >
            <a
              href="/search/TV"
            >
              <p
                class="MuiTypography-root MuiTypography-body2 css-1cwrich-MuiTypography-root"
              >
                TV
              </p>
            </a>
            <span
              class="MuiTouchRipple-root css-8je8zh-MuiTouchRipple-root"
            />
          </button>
        </div>
        <div
          class="MuiGrid-root MuiGrid-item MuiGrid-grid-xs-3 MuiGrid-grid-md-1 MuiGrid-grid-lg-1 css-1fo2hm6-MuiGrid-root"
        >
          <button
            class="MuiButtonBase-root MuiButton-root MuiButton-text MuiButton-textPrimary MuiButton-sizeMedium MuiButton-textSizeMedium MuiButton-root MuiButton-text MuiButton-textPrimary MuiButton-sizeMedium MuiButton-textSizeMedium css-1388jyf-MuiButtonBase-root-MuiButton-root"
            tabindex="0"
            type="button"
          >
            <a
              href="/search/Film"
            >
              <p
                class="MuiTypography-root MuiTypography-body2 css-1cwrich-MuiTypography-root"
              >
                Film
              </p>
            </a>
            <span
              class="MuiTouchRipple-root css-8je8zh-MuiTouchRipple-root"
            />
          </button>
        </div>
        <div
          class="MuiGrid-root MuiGrid-item MuiGrid-grid-xs-3 MuiGrid-grid-md-1 MuiGrid-grid-lg-1 css-1fo2hm6-MuiGrid-root"
        >
          <button
            class="MuiButtonBase-root MuiButton-root MuiButton-text MuiButton-textPrimary MuiButton-sizeMedium MuiButton-textSizeMedium MuiButton-root MuiButton-text MuiButton-textPrimary MuiButton-sizeMedium MuiButton-textSizeMedium css-1388jyf-MuiButtonBase-root-MuiButton-root"
            tabindex="0"
            type="button"
          >
            <a
              href="/search/Weather"
            >
              <p
                class="MuiTypography-root MuiTypography-body2 css-1cwrich-MuiTypography-root"
              >
                Weather
              </p>
            </a>
            <span
              class="MuiTouchRipple-root css-8je8zh-MuiTouchRipple-root"
            />
          </button>
        </div>
      </div>
    </div>
  </div>
</DocumentFragment>
`;
